
> frontend@0.1.0 build
> next build

Γû▓ Next.js 16.1.6 (Turbopack)
- Environments: .env.local, .env

node.exe : ΓÜá The "middleware" file convention is deprecated. Please use "proxy" instead. Learn more: 
https://nextjs.org/docs/messages/middleware-to-proxy
At line:1 char:1
+ & "C:\react/node.exe" "C:\react/node_modules/npm/bin/npm-cli.js" run  ...
+ ~~~~~~~~~~~~~~~~~~~~~~~~~~~~~~~~~~~~~~~~~~~~~~~~~~~~~~~~~~~~~~~~~~~~~
    + CategoryInfo          : NotSpecified: (ΓÜá The "middle...leware-to-proxy:String) [], RemoteException
    + FullyQualifiedErrorId : NativeCommandError
 
  Creating an optimized production build ...
Γ£ô Compiled successfully in 29.4s
  Running TypeScript ...
Failed to compile.

./src/app/admin/page.tsx:861:1191
Type error: 's' is of type 'unknown'.

[0m [90m 859 |[39m                             [33m<[39m[33mdiv[39m className[33m=[39m[32m"flex items-center 
justify-between"[39m[33m>[39m[33m<[39m[33mp[39m className[33m=[39m[32m"text-sm 
text-gray-400"[39m[33m>[39m{tasks[33m.[39mlength} tasks[33m<[39m[35m/p><button onClick={() => 
setShowTaskForm(true)} className="inline-flex items-center gap-2 bg-[#1877F2] text-white rounded-full px-4 py-2 
text-sm font-medium hover:bg-[#0d47a1] shadow-md"><Plus className="h-4 w-4" /[39m[33m>[39m [33mAdd[39m 
[33mTask[39m[33m<[39m[33m/[39m[33mbutton[39m[33m>[39m[33m<[39m[33m/[39m[33mdiv[39m[33m>[39m
 [90m 860 |[39m                             {showTaskForm [33m&&[39m (
[31m[1m>[22m[39m[90m 861 |[39m                                 [33m<[39m[33mdiv[39m 
className[33m=[39m[32m"bg-white rounded-2xl border p-5"[39m[33m>[39m[33m<[39m[33mh4[39m 
className[33m=[39m[32m"font-semibold mb-3"[39m[33m>[39m[33mNew[39m [33mTask[39m[33m<[39m[35m/h4><div 
className="grid grid-cols-1 md:grid-cols-4 gap-3"><div className="md:col-span-2"><input value={taskForm.title} 
onChange={e => setTaskForm(t => ({ ...t, title: e.target.value }))} className="w-full h-10 rounded-xl border px-3 
text-sm" placeholder="Task title" 
/[39m[33m>[39m[33m<[39m[33m/[39m[33mdiv[39m[33m>[39m[33m<[39m[33mselect[39m 
value[33m=[39m{taskForm[33m.[39mpriority} onChange[33m=[39m{e [33m=>[39m setTaskForm(t [33m=>[39m ({ 
[33m...[39mt[33m,[39m priority[33m:[39m e[33m.[39mtarget[33m.[39mvalue [36mas[39m 
[33mTask[39m[[32m'priority'[39m] }))} className[33m=[39m[32m"h-10 rounded-xl border px-3 text-sm bg-white"[39m 
aria[33m-[39mlabel[33m=[39m[32m"Priority"[39m[33m>[39m[33m<[39m[33moption[39m value[33m=[39m[32m"low"[3
9m[33m>[39m[33mLow[39m[33m<[39m[33m/[39m[33moption[39m[33m>[39m[33m<[39m[33moption[39m value[33m=[39m
[32m"medium"[39m[33m>[39m[33mMedium[39m[33m<[39m[33m/[39m[33moption[39m[33m>[39m[33m<[39m[33moption[3
9m value[33m=[39m[32m"high"[39m[33m>[39m[33mHigh[39m[33m<[39m[33m/[39m[33moption[39m[33m>[39m[33m<[39
m[35m/select><input type="date" value={taskForm.due} onChange={e => setTaskForm(t => ({ ...t, due: e.target.value 
}))} className="h-10 rounded-xl border px-3 text-sm" /[39m[33m>[39m[33m<[39m[33mselect[39m 
value[33m=[39m{taskForm[33m.[39massignee} onChange[33m=[39m{e [33m=>[39m setTaskForm(t [33m=>[39m ({ 
[33m...[39mt[33m,[39m assignee[33m:[39m e[33m.[39mtarget[33m.[39mvalue }))} className[33m=[39m[32m"h-10 
rounded-xl border px-3 text-sm bg-white"[39m aria[33m-[39mlabel[33m=[39m[32m"Assign 
To"[39m[33m>[39m[33m<[39m[33moption[39m value[33m=[39m[32m""[39m[33m>[39m[33mUnassigned[39m[33m<[39m[
33m/[39m[33moption[39m[33m>[39m{staff[33m.[39mfilter(s [33m=>[39m [[32m'admin'[39m[33m,[39m 
[32m'sub_admin'[39m[33m,[39m [32m'staff'[39m[33m,[39m [32m'tele_caller'[39m[33m,[39m 
[32m'product_uploader'[39m][33m.[39mincludes(s[33m.[39mrole))[33m.[39mmap(s [33m=>[39m 
([33m<[39m[33moption[39m key[33m=[39m{s[33m.[39mid} value[33m=[39m{s[33m.[39mname}[33m>[39m{s[33m.[39mn
ame}[33m<[39m[33m/[39m[33moption[39m[33m>[39m))}[33m<[39m[33m/[39m[33mselect[39m[33m>[39m[33m<[39m[3
3mbutton[39m onClick[33m=[39m{handleAddTask} className[33m=[39m[32m"bg-[#1877F2] text-white rounded-full h-10 
text-sm font-medium 
col-span-1"[39m[33m>[39m[33mAdd[39m[33m<[39m[33m/[39m[33mbutton[39m[33m>[39m[33m<[39m[33mbutton[39m 
onClick[33m=[39m{() [33m=>[39m setShowTaskForm([36mfalse[39m)} className[33m=[39m[32m"border rounded-full 
h-10 text-sm hover:bg-gray-50 col-span-3"[39m[33m>[39m[33mCancel[39m[33m<[39m[33m/[39m[33mbutton[39m[33m>[
39m[33m<[39m[33m/[39m[33mdiv[39m[33m>[39m[33m<[39m[33m/[39m[33mdiv[39m[33m>[39m
 [90m     |[39m                                                                                                      
                                                                                                                       
                                                                                                                       
                                                                                                                       
                                                                                                                       
                                                                                                                       
                                                                                                                       
                                                                                                                       
                                                                                                                       
                                                                                                                       
                  [31m[1m^[22m[39m
 [90m 862 |[39m                             )}
 [90m 863 |[39m                             {tasks[33m.[39mlength [33m===[39m [35m0[39m [33m?[39m 
[33m<[39m[33mdiv[39m className[33m=[39m[32m"bg-white rounded-2xl border p-8 text-center text-sm 
text-gray-400"[39m[33m>[39m[33mNo[39m tasks yet[33m.[39m [33mAdd[39m your first task to [36mget[39m 
started[33m.[39m[33m<[39m[33m/[39m[33mdiv[39m[33m>[39m [33m:[39m (
 [90m 864 |[39m                                 [33m<[39m[33mdiv[39m className[33m=[39m[32m"grid grid-cols-1 
md:grid-cols-3 gap-4"[39m[33m>[39m[0m
Next.js build worker exited with code: 1 and signal: null
